// Jest Snapshot v1, https://goo.gl/fbAQLP

exports[`App has a valid snapshot 1`] = `
<div
  className="page"
>
  <header
    className="App"
  >
    <img
      alt="logo"
      className="App-logo"
      src="logo.svg"
    />
    <h1
      className="App-title"
    >
      Search hacker news 
    </h1>
  </header>
  <div
    className="interactions"
  >
    <form
      onSubmit={[Function]}
    >
      <input
        onChange={[Function]}
        type="text"
        value=""
      />
      <button
        type="submit"
      >
        <b>
          Search
        </b>
      </button>
    </form>
  </div>
  <div
    className="table"
  />
  <div
    className="interactions"
  />
</div>
`;

exports[`Button has a valid snapshot 1`] = `
<button
  className={undefined}
  onClick={undefined}
  type="button"
>
  More
</button>
`;

exports[`Search has a valid snapshot 1`] = `
<form
  onSubmit={undefined}
>
  <input
    onChange={undefined}
    type="text"
    value={undefined}
  />
  <button
    type="submit"
  >
    Search
  </button>
</form>
`;
